

Thu Feb 14 00:09:56 2019
Command line: TestDisk

TestDisk 7.0, Data Recovery Utility, April 2015
Christophe GRENIER <grenier@cgsecurity.org>
http://www.cgsecurity.org
OS: Linux, kernel 4.15.0-20-generic (#21-Ubuntu SMP Tue Apr 24 06:16:15 UTC 2018) x86_64
Compiler: GCC 7.2
ext2fs lib: 1.44.1, ntfs lib: libntfs-3g, reiserfs lib: none, ewf lib: none, curses lib: ncurses 6.0
Warning: can't get size for Disk /dev/mapper/control - 0 B - 0 sectors, sector size=512
Hard disk list
Disk /dev/sda - 85 GB / 80 GiB - CHS 10443 255 63, sector size=512 - VMware Virtual disk, FW:1.0
Disk /dev/mapper/ubuntuos-root - 84 GB / 79 GiB - 165756928 sectors, sector size=512 - VMware Virtual disk, FW:1.0
Disk /dev/mapper/ubuntuos-swap_1 - 1027 MB / 980 MiB - 2007040 sectors, sector size=512 - VMware Virtual disk, FW:1.0
Disk /dev/dm-0 - 84 GB / 79 GiB - 165756928 sectors, sector size=512 - VMware Virtual disk, FW:1.0
Disk /dev/dm-1 - 1027 MB / 980 MiB - 2007040 sectors, sector size=512 - VMware Virtual disk, FW:1.0

Partition table type (auto): Intel
Disk /dev/sda - 85 GB / 80 GiB - VMware Virtual disk
Partition table type: None

Interface Advanced
   P Unknown                  0   0  1 10443  85 10  167772160
SIGINT detected! TestDisk has been killed.


Thu Feb 14 00:10:12 2019
Command line: TestDisk

TestDisk 7.0, Data Recovery Utility, April 2015
Christophe GRENIER <grenier@cgsecurity.org>
http://www.cgsecurity.org
OS: Linux, kernel 4.15.0-20-generic (#21-Ubuntu SMP Tue Apr 24 06:16:15 UTC 2018) x86_64
Compiler: GCC 7.2
ext2fs lib: 1.44.1, ntfs lib: libntfs-3g, reiserfs lib: none, ewf lib: none, curses lib: ncurses 6.0
User is not root!
Hard disk list


TestDisk exited normally.


Thu Feb 14 00:10:15 2019
Command line: TestDisk

TestDisk 7.0, Data Recovery Utility, April 2015
Christophe GRENIER <grenier@cgsecurity.org>
http://www.cgsecurity.org
OS: Linux, kernel 4.15.0-20-generic (#21-Ubuntu SMP Tue Apr 24 06:16:15 UTC 2018) x86_64
Compiler: GCC 7.2
ext2fs lib: 1.44.1, ntfs lib: libntfs-3g, reiserfs lib: none, ewf lib: none, curses lib: ncurses 6.0
Warning: can't get size for Disk /dev/mapper/control - 0 B - 0 sectors, sector size=512
Hard disk list
Disk /dev/sda - 85 GB / 80 GiB - CHS 10443 255 63, sector size=512 - VMware Virtual disk, FW:1.0
Disk /dev/mapper/ubuntuos-root - 84 GB / 79 GiB - 165756928 sectors, sector size=512 - VMware Virtual disk, FW:1.0
Disk /dev/mapper/ubuntuos-swap_1 - 1027 MB / 980 MiB - 2007040 sectors, sector size=512 - VMware Virtual disk, FW:1.0
Disk /dev/dm-0 - 84 GB / 79 GiB - 165756928 sectors, sector size=512 - VMware Virtual disk, FW:1.0
Disk /dev/dm-1 - 1027 MB / 980 MiB - 2007040 sectors, sector size=512 - VMware Virtual disk, FW:1.0

Partition table type (auto): Intel
Disk /dev/sda - 85 GB / 80 GiB - VMware Virtual disk
Partition table type: Intel

Interface Advanced
Geometry from i386 MBR: head=255 sector=63

LVM2 magic value at 0/32/33
 1 * Linux LVM                0  32 33 10443  52 41  167768064
     LVM2, 85 GB / 79 GiB
Partition table type (auto): Intel
Disk /dev/sda - 85 GB / 80 GiB - VMware Virtual disk
Partition table type: Mac

Interface Advanced
Partition table type (auto): Intel
Disk /dev/sda - 85 GB / 80 GiB - VMware Virtual disk
Partition table type: EFI GPT

Interface Advanced
Bad GPT partition, invalid signature.
Trying alternate GPT
Bad GPT partition, invalid signature.
Partition table type (auto): Intel
Disk /dev/sda - 85 GB / 80 GiB - VMware Virtual disk
Partition table type: Sun

Interface Advanced

Interface Advanced
Partition table type (auto): Intel
Disk /dev/sda - 85 GB / 80 GiB - VMware Virtual disk
Partition table type: XBox

Interface Advanced
Partition table type (auto): Intel
Partition table type (auto): None
Disk /dev/dm-0 - 84 GB / 79 GiB - VMware Virtual disk
Partition table type: None

Interface Advanced
Unknown XFS version 5

XFS Marker at 0/0/1

recover_xfs
Unknown XFS version 5

XFS Marker at 0/0/1
   P XFS 4                          0  165756927  165756928
     XFS 6.2+ - bitmap version blocksize=4096, 84 GB / 79 GiB
search_superblock
Partition table type (auto): None
Disk /dev/dm-1 - 1027 MB / 980 MiB - VMware Virtual disk
Partition table type: None

Interface Advanced
   P Linux SWAP 2                   0    2007039    2007040
     SWAP2 version 1, pagesize=4096, 1027 MB / 980 MiB
Partition table type (auto): None
Disk /dev/mapper/ubuntuos-root - 84 GB / 79 GiB - VMware Virtual disk
Partition table type: None

Interface Advanced
Unknown XFS version 5

XFS Marker at 0/0/1

recover_xfs
Unknown XFS version 5

XFS Marker at 0/0/1
   P XFS 4                          0  165756927  165756928
     XFS 6.2+ - bitmap version blocksize=4096, 84 GB / 79 GiB
Partition table type (auto): None
Disk /dev/mapper/ubuntuos-swap_1 - 1027 MB / 980 MiB - VMware Virtual disk
Partition table type: None

Interface Advanced
   P Linux SWAP 2                   0    2007039    2007040
     SWAP2 version 1, pagesize=4096, 1027 MB / 980 MiB
Partition table type (auto): Intel
Disk /dev/sda - 85 GB / 80 GiB - VMware Virtual disk
Partition table type: Intel
New options :
 Dump : No
 Align partition: Yes
 Expert mode : No

Analyse Disk /dev/sda - 85 GB / 80 GiB - CHS 10443 255 63
Geometry from i386 MBR: head=255 sector=63

LVM2 magic value at 0/32/33
Current partition structure:
 1 * Linux LVM                0  32 33 10443  52 41  167768064

search_part()
Disk /dev/sda - 85 GB / 80 GiB - CHS 10443 255 63

LVM2 magic value at 0/32/33
part_size 167768064
     Linux LVM                0  32 33 10443  52 41  167768064
     LVM2, 85 GB / 79 GiB

Results
   P Linux LVM                0  32 33 10443  52 41  167768064
     LVM2, 85 GB / 79 GiB

Hint for advanced users. dmsetup may be used if you prefer to avoid to rewrite the partition table for the moment:
echo "0 167768064 linear /dev/sda 2048" | dmsetup create test0
SIGINT detected! TestDisk has been killed.
